Microchip MPLAB XC8 Compiler V1.43 ()

Linker command line:

-W-3 --edf=C:\Program Files (x86)\Microchip\xc8\v1.43\dat\en_msgs.txt -cs \
  -h+dist/default/debug\Taller3.X.debug.sym \
  --cmf=dist/default/debug\Taller3.X.debug.cmf -z -Q12F675 \
  -oC:\Users\acpat\AppData\Local\Temp\sbh0.2 \
  -Mdist/default/debug/Taller3.X.debug.map -E1 -ver=XC8 --acfsm=1493 \
  -ASTACK=042h-05dh -pstack=STACK -ACODE=00h-03FEh -ASTRCODE=00h-03FEh \
  -ASTRING=00h-0FFhx3,0300h-03FEh -ACONST=00h-0FFhx3,0300h-03FEh \
  -AENTRY=00h-0FFhx3,0300h-03FEh -ABANK0=020h-05Dh -ARAM=020h-05Dh \
  -AABS1=020h-05Fh -ACOMMON=05Eh-05Fh -ASFR0=00h-01Fh -ASFR1=080h-0DDh \
  -preset_vec=00h,intentry,init,end_init -ppowerup=CODE -pcinit=CODE \
  -pfunctab=ENTRY -ACONFIG=02007h-02007h -pconfig=CONFIG -DCONFIG=2 \
  -AIDLOC=02000h-02003h -pidloc=IDLOC -DIDLOC=2 -AEEDATA=00h-07Fh/02100h \
  -peeprom_data=EEDATA -DEEDATA=2 -posccal=03FFh -DCODE=2 -DSTRCODE=2 \
  -DSTRING=2 -DCONST=2 -DENTRY=2 -k \
  C:\Users\acpat\AppData\Local\Temp\sbh0.obj \
  dist/default/debug\Taller3.X.debug.obj 

Object code version is 3.11

Machine type is 12F675



                Name                               Link     Load   Length Selector   Space Scale
C:\Users\acpat\AppData\Local\Temp\sbh0.obj
                end_init                              0        0        1        0       0
dist/default/debug\Taller3.X.debug.obj
                cinit                               3F8      3F8        7      7F0       0
                text2                               33F      33F       B9      67E       0
                text1                               328      328       17      650       0
                maintext                            31D      31D        B      63A       0
                cstackBANK0                          20       20       1E       20       1
                bssBANK0                             3E       3E        4       20       1

TOTAL           Name                               Link     Load   Length     Space
        CLASS   STACK          

        CLASS   CODE           
                end_init                              0        0        1         0
                cinit                               3F8      3F8        7         0
                text2                               33F      33F       B9         0
                text1                               328      328       17         0
                maintext                            31D      31D        B         0

        CLASS   STRCODE        

        CLASS   STRING         

        CLASS   CONST          

        CLASS   ENTRY          

        CLASS   BANK0          
                cstackBANK0                          20       20       1E         1
                bssBANK0                             3E       3E        4         1

        CLASS   RAM            

        CLASS   ABS1           
                abs_s1                               5E       5E        2         1

        CLASS   COMMON         

        CLASS   SFR0           

        CLASS   SFR1           

        CLASS   CONFIG         

        CLASS   IDLOC          

        CLASS   EEDATA         

        CLASS   BANK1          



SEGMENTS        Name                           Load    Length   Top    Selector   Space  Class     Delta

                reset_vec                      000000  000001  000001         0       0  CODE        2
                cstackBANK0                    000020  000022  000042        20       1  BANK0       1
                maintext                       00031D  00000B  000328       63A       0  CODE        2
                text1                          000328  000017  00033F       650       0  CODE        2
                text2                          00033F  0000B9  0003F8       67E       0  CODE        2
                cinit                          0003F8  000007  0003FF       7F0       0  CODE        2


UNUSED ADDRESS RANGES

        Name                Unused          Largest block    Delta
        BANK0            042-05D            1C           1
        CODE             001-31C           31C           2
        CONFIG           2007-2007             1           2
        CONST            001-31C           100           2
        EEDATA           2100-217F            80           2
        ENTRY            001-31C           100           2
        IDLOC            2000-2003             4           2
        RAM              042-05D            1C           1
        SFR0             000-01F            20           1
        SFR1             080-0DD            5E           1
        STACK            042-05D            1C           1
        STRCODE          001-31C           31C           2
        STRING           001-31C           100           2

                                  Symbol Table

__Habs1                             abs1         7FE
__Hbank0                            bank0        7FE
__Hbank1                            bank1        7FE
__HbssBANK0                         bssBANK0     7FE
__Hcinit                            cinit        3FF
__Hclrtext                          clrtext      7FE
__Hcode                             code         7FE
__Hcommon                           common       7FE
__Hconfig                           config       000
__HcstackBANK0                      cstackBANK0  7FE
__HcstackCOMMON                     cstackCOMMON 7FE
__Heeprom_data                      eeprom_data  000
__Hend_init                         end_init     001
__Hfunctab                          functab      000
__Hidloc                            idloc        000
__Hinit                             init         000
__Hintentry                         intentry     000
__Hmaintext                         maintext     7FE
__Hosccal                           osccal       3FF
__Hpowerup                          powerup      000
__Hram                              ram          7FE
__Hreset_vec                        reset_vec    000
__Hsfr0                             sfr0         7FE
__Hsfr1                             sfr1         7FE
__Hspace_0                          (abs)        7FE
__Hspace_1                          (abs)        7FE
__Hspace_2                          (abs)        000
__Hspace_3                          (abs)        000
__Hstack                            stack        000
__Hstrings                          strings      7FE
__Htext                             text         7FE
__Labs1                             abs1         7FE
__Lbank0                            bank0        7FE
__Lbank1                            bank1        7FE
__LbssBANK0                         bssBANK0     7FE
__Lcinit                            cinit        3F8
__Lclrtext                          clrtext      7FE
__Lcode                             code         7FE
__Lcommon                           common       7FE
__Lconfig                           config       000
__LcstackBANK0                      cstackBANK0  7FE
__LcstackCOMMON                     cstackCOMMON 7FE
__Leeprom_data                      eeprom_data  000
__Lend_init                         end_init     000
__Lfunctab                          functab      000
__Lidloc                            idloc        000
__Linit                             init         000
__Lintentry                         intentry     000
__Lmaintext                         maintext     7FE
__Losccal                           osccal       3FF
__Lpowerup                          powerup      000
__Lram                              ram          7FE
__Lreset_vec                        reset_vec    000
__Lsfr0                             sfr0         7FE
__Lsfr1                             sfr1         7FE
__Lspace_0                          (abs)        000
__Lspace_1                          (abs)        000
__Lspace_2                          (abs)        000
__Lspace_3                          (abs)        000
__Lstack                            stack        000
__Lstrings                          strings      7FE
__Ltext                             text         7FE
__S0                                (abs)        3FF
__S1                                (abs)        042
__S2                                (abs)        000
__S3                                (abs)        000
___int_sp                           stack        000
___latbits                          (abs)        000
___osccal_val                       osccal       3FF
___sp                               stack        000
__end_of__initialization            cinit        3FD
__end_of_divisionEntera             text2        3F8
__end_of_main                       maintext     328
__end_of_probarDivision             text1        33F
__initialization                    cinit        3F8
__pbssBANK0                         bssBANK0     03E
__pcstackBANK0                      cstackBANK0  020
__pcstackCOMMON                     cstackCOMMON 000
__pmaintext                         maintext     31D
__ptext1                            text1        328
__ptext2                            text2        33F
__size_of_divisionEntera            (abs)        000
__size_of_main                      (abs)        000
__size_of_probarDivision            (abs)        000
_divisionEntera                     text2        33F
_main                               maintext     31D
_probarDivision                     text1        328
btemp                               (abs)        05E
divisionEntera@count                cstackBANK0  02B
divisionEntera@denominador          cstackBANK0  031
divisionEntera@dividendo            cstackBANK0  033
divisionEntera@dividendo1           cstackBANK0  020
divisionEntera@divisor              cstackBANK0  02D
divisionEntera@divisor1             cstackBANK0  022
divisionEntera@resultado            cstackBANK0  024
divisionEntera@resultadoFraccion    cstackBANK0  029
divisionEntera@resultadoParteEntera cstackBANK0  027
divisionEntera@temp                 cstackBANK0  02F
divisionEntera@temp2                cstackBANK0  025
end_of_initialization               cinit        3FD
intlevel0                           functab      000
intlevel1                           functab      000
intlevel2                           functab      000
intlevel3                           functab      000
intlevel4                           functab      000
intlevel5                           functab      000
probarDivision@F17                  bssBANK0     03E
probarDivision@operando1            cstackBANK0  035
probarDivision@operando2            cstackBANK0  037
probarDivision@resultado            cstackBANK0  03A
reset_vec                           reset_vec    000
stackhi                             (abs)        000
stacklo                             (abs)        000
start                               init         000
start_initialization                cinit        3F8
wtemp0                              (abs)        05E


FUNCTION INFORMATION:

 *************** function _main *****************
 Defined at:
		line 49 in file "main.c"
 Parameters:    Size  Location     Type
		None
 Auto vars:     Size  Location     Type
		None
 Return value:  Size  Location     Type
                  2   26[None  ] int 
 Registers used:
		wreg, fsr0l, fsr0h, status,2, status,0, btemp+1, pclath, cstack
 Tracked objects:
		On entry : 
		On exit  : 
		Unchanged: 
 Data sizes:     COMMON   BANK0
      Params:         0       0
      Locals:         0       0
      Temps:          0       0
      Totals:         0       0
Total ram usage:        0 bytes
 Hardware stack levels required when called:    2
 This function calls:
		_probarDivision
 This function is called by:
		Startup code after reset
 This function uses a non-reentrant model


 *************** function _probarDivision *****************
 Defined at:
		line 44 in file "main.c"
 Parameters:    Size  Location     Type
  operando1       2   21[BANK0 ] unsigned int 
  operando2       2   23[BANK0 ] unsigned int 
 Auto vars:     Size  Location     Type
  resultado       4   26[BANK0 ] unsigned int [2]
 Return value:  Size  Location     Type
                  1    wreg      void 
 Registers used:
		wreg, fsr0l, fsr0h, status,2, status,0, btemp+1, pclath, cstack
 Tracked objects:
		On entry : 
		On exit  : 
		Unchanged: 
 Data sizes:     COMMON   BANK0
      Params:         0       4
      Locals:         0       4
      Temps:          0       1
      Totals:         0       9
Total ram usage:        9 bytes
 Hardware stack levels used:    1
 Hardware stack levels required when called:    1
 This function calls:
		_divisionEntera
 This function is called by:
		_main
 This function uses a non-reentrant model


 *************** function _divisionEntera *****************
 Defined at:
		line 1 in file "main.c"
 Parameters:    Size  Location     Type
  dividendo1      2    0[BANK0 ] unsigned int 
  divisor1        2    2[BANK0 ] unsigned int 
  resultado       1    4[BANK0 ] PTR PTR unsigned int 
		 -> probarDivision@resultado(4), 
 Auto vars:     Size  Location     Type
  count           2   11[BANK0 ] int 
  dividendo       2   19[BANK0 ] unsigned int 
  denominador     2   17[BANK0 ] unsigned int 
  temp            2   15[BANK0 ] unsigned int 
  divisor         2   13[BANK0 ] unsigned int 
  resultadoFra    2    9[BANK0 ] unsigned int 
  resultadoPar    2    7[BANK0 ] unsigned int 
  temp2           2    5[BANK0 ] unsigned int 
 Return value:  Size  Location     Type
                  1    wreg      void 
 Registers used:
		wreg, fsr0l, fsr0h, status,2, status,0, btemp+1
 Tracked objects:
		On entry : 
		On exit  : 
		Unchanged: 
 Data sizes:     COMMON   BANK0
      Params:         0       5
      Locals:         0      16
      Temps:          0       0
      Totals:         0      21
Total ram usage:       21 bytes
 Hardware stack levels used:    1
 This function calls:
		Nothing
 This function is called by:
		_probarDivision
 This function uses a non-reentrant model



MODULE INFORMATION

Module		Function		Class		Link	Load	Size
shared
		__initialization		CODE           	03F8	0000	6

shared estimated size: 6

main.c
		_divisionEntera		CODE           	033F	0000	186
		_main          		CODE           	031D	0000	12
		_probarDivision		CODE           	0328	0000	24

main.c estimated size: 222

