Microchip MPLAB XC8 Compiler V1.43 ()

Linker command line:

-W-3 --edf=C:\Program Files (x86)\Microchip\xc8\v1.43\dat\en_msgs.txt -cs \
  -h+dist/default/production\Taller3.X.production.sym \
  --cmf=dist/default/production\Taller3.X.production.cmf -z -Q12F675 \
  -oC:\Users\acpat\AppData\Local\Temp\sbmo.2 \
  -Mdist/default/production/Taller3.X.production.map -E1 -ver=XC8 \
  --acfsm=1493 -ASTACK=03Eh-05dh -pstack=STACK -ACODE=00h-03FEh \
  -ASTRCODE=00h-03FEh -ASTRING=00h-0FFhx3,0300h-03FEh \
  -ACONST=00h-0FFhx3,0300h-03FEh -AENTRY=00h-0FFhx3,0300h-03FEh \
  -ABANK0=020h-05Dh -ARAM=020h-05Dh -AABS1=020h-05Fh -ACOMMON=05Eh-05Fh \
  -ASFR0=00h-01Fh -ASFR1=080h-0DDh -preset_vec=00h,intentry,init,end_init \
  -ppowerup=CODE -pcinit=CODE -pfunctab=ENTRY -ACONFIG=02007h-02007h \
  -pconfig=CONFIG -DCONFIG=2 -AIDLOC=02000h-02003h -pidloc=IDLOC -DIDLOC=2 \
  -AEEDATA=00h-07Fh/02100h -peeprom_data=EEDATA -DEEDATA=2 -posccal=03FFh \
  -DCODE=2 -DSTRCODE=2 -DSTRING=2 -DCONST=2 -DENTRY=2 -k \
  C:\Users\acpat\AppData\Local\Temp\sbmo.obj \
  dist/default/production\Taller3.X.production.obj 

Object code version is 3.11

Machine type is 12F675



                Name                               Link     Load   Length Selector   Space Scale
C:\Users\acpat\AppData\Local\Temp\sbmo.obj
                end_init                              0        0        1        0       0
dist/default/production\Taller3.X.production.obj
                cinit                               3F4      3F4        B      7E8       0
                text5                               2D1      2D1        8      5A2       0
                text4                               381      381       73      702       0
                text3                               2D9      2D9       17      5B2       0
                text2                               2F0      2F0       2F      5E0       0
                text1                               31F      31F       62      63E       0
                maintext                            2CC      2CC        5      598       0
                cstackBANK0                          20       20       17       20       1
                dataBANK0                            3B       3B        2       20       1
                bssBANK0                             37       37        4       20       1
                bitbssBANK0                         1E8       3D        1       20       1     8
                idataBANK0                          2CA      2CA        2      594       0

TOTAL           Name                               Link     Load   Length     Space
        CLASS   STACK          

        CLASS   CODE           
                end_init                              0        0        1         0
                cinit                               3F4      3F4        B         0
                text5                               2D1      2D1        8         0
                text4                               381      381       73         0
                text3                               2D9      2D9       17         0
                text2                               2F0      2F0       2F         0
                text1                               31F      31F       62         0
                maintext                            2CC      2CC        5         0
                idataBANK0                          2CA      2CA        2         0

        CLASS   STRCODE        

        CLASS   STRING         

        CLASS   CONST          

        CLASS   ENTRY          

        CLASS   BANK0          
                cstackBANK0                          20       20       17         1
                dataBANK0                            3B       3B        2         1
                bssBANK0                             37       37        4         1
                bitbssBANK0                         1E8       3D        1         1

        CLASS   RAM            

        CLASS   ABS1           
                abs_s1                               5E       5E        2         1

        CLASS   COMMON         

        CLASS   SFR0           

        CLASS   SFR1           

        CLASS   CONFIG         

        CLASS   IDLOC          

        CLASS   EEDATA         

        CLASS   BANK1          



SEGMENTS        Name                           Load    Length   Top    Selector   Space  Class     Delta

                reset_vec                      000000  000001  000001         0       0  CODE        2
                cstackBANK0                    000020  00001E  00003E        20       1  BANK0       1
                idataBANK0                     0002CA  000002  0002CC       594       0  CODE        2
                maintext                       0002CC  000005  0002D1       598       0  CODE        2
                text5                          0002D1  000008  0002D9       5A2       0  CODE        2
                text3                          0002D9  000017  0002F0       5B2       0  CODE        2
                text2                          0002F0  00002F  00031F       5E0       0  CODE        2
                text1                          00031F  000062  000381       63E       0  CODE        2
                text4                          000381  000073  0003F4       702       0  CODE        2
                cinit                          0003F4  00000B  0003FF       7E8       0  CODE        2


UNUSED ADDRESS RANGES

        Name                Unused          Largest block    Delta
        BANK0            003E-005D             20           1
        CODE             0001-02C9            2C9           2
        CONFIG           2007-2007              1           2
        CONST            0001-02C9            100           2
        EEDATA           2100-217F             80           2
        ENTRY            0001-02C9            100           2
        IDLOC            2000-2003              4           2
        RAM              003E-005D             20           1
        SFR0             0000-001F             20           1
        SFR1             0080-00DD             5E           1
        STACK            003E-005D             20           1
        STRCODE          0001-02C9            2C9           2
        STRING           0001-02C9            100           2

                                  Symbol Table

?_divisionEntera                    cstackBANK0  0020
_GPIObits                           (abs)        0005
_OPTION_REGbits                     (abs)        0081
_TRISIO                             (abs)        0085
__BbitbssBANK0                      bitbssBANK0  07FE
__Habs1                             abs1         07FE
__Hbank0                            bank0        07FE
__Hbank1                            bank1        07FE
__HbitbssBANK0                      bitbssBANK0  3FF0
__HbssBANK0                         bssBANK0     07FE
__Hcinit                            cinit        03FF
__Hclrtext                          clrtext      07FE
__Hcode                             code         07FE
__Hcommon                           common       07FE
__Hconfig                           config       0000
__HcstackBANK0                      cstackBANK0  07FE
__HcstackCOMMON                     cstackCOMMON 07FE
__HdataBANK0                        dataBANK0    07FE
__Heeprom_data                      eeprom_data  0000
__Hend_init                         end_init     0001
__Hfunctab                          functab      0000
__HidataBANK0                       idataBANK0   07FE
__Hidloc                            idloc        0000
__Hinit                             init         0000
__Hintentry                         intentry     0000
__Hmaintext                         maintext     07FE
__Hosccal                           osccal       03FF
__Hpowerup                          powerup      0000
__Hram                              ram          07FE
__Hreset_vec                        reset_vec    0000
__Hsfr0                             sfr0         07FE
__Hsfr1                             sfr1         07FE
__Hspace_0                          (abs)        3FF0
__Hspace_1                          (abs)        07FE
__Hspace_2                          (abs)        0000
__Hspace_3                          (abs)        0000
__Hstack                            stack        0000
__Hstrings                          strings      07FE
__Htext                             text         07FE
__Labs1                             abs1         07FE
__Lbank0                            bank0        07FE
__Lbank1                            bank1        07FE
__LbitbssBANK0                      bitbssBANK0  3FF0
__LbssBANK0                         bssBANK0     07FE
__Lcinit                            cinit        03F4
__Lclrtext                          clrtext      07FE
__Lcode                             code         07FE
__Lcommon                           common       07FE
__Lconfig                           config       0000
__LcstackBANK0                      cstackBANK0  07FE
__LcstackCOMMON                     cstackCOMMON 07FE
__LdataBANK0                        dataBANK0    07FE
__Leeprom_data                      eeprom_data  0000
__Lend_init                         end_init     0000
__Lfunctab                          functab      0000
__LidataBANK0                       idataBANK0   07FE
__Lidloc                            idloc        0000
__Linit                             init         0000
__Lintentry                         intentry     0000
__Lmaintext                         maintext     07FE
__Losccal                           osccal       03FF
__Lpowerup                          powerup      0000
__Lram                              ram          07FE
__Lreset_vec                        reset_vec    0000
__Lsfr0                             sfr0         07FE
__Lsfr1                             sfr1         07FE
__Lspace_0                          (abs)        0000
__Lspace_1                          (abs)        0000
__Lspace_2                          (abs)        0000
__Lspace_3                          (abs)        0000
__Lstack                            stack        0000
__Lstrings                          strings      07FE
__Ltext                             text         07FE
__S0                                (abs)        03FF
__S1                                (abs)        003E
__S2                                (abs)        0000
__S3                                (abs)        0000
___int_sp                           stack        0000
___latbits                          (abs)        0000
___osccal_val                       osccal       03FF
___sp                               stack        0000
__end_of__initialization            cinit        03FD
__end_of_configuracion              text5        02D9
__end_of_divisionEntera             text4        03F4
__end_of_leerDatos                  text1        0381
__end_of_main                       maintext     02D1
__end_of_mostrarResultado           text2        031F
__end_of_parpadearLEDResultado      text3        02F0
__initialization                    cinit        03F4
__pbitbssBANK0                      bitbssBANK0  01E8
__pbssBANK0                         bssBANK0     0037
__pcstackBANK0                      cstackBANK0  0020
__pcstackCOMMON                     cstackCOMMON 0000
__pdataBANK0                        dataBANK0    003B
__pidataBANK0                       idataBANK0   02CA
__pmaintext                         maintext     02CC
__ptext1                            text1        031F
__ptext2                            text2        02F0
__ptext3                            text3        02D9
__ptext4                            text4        0381
__ptext5                            text5        02D1
__size_of_configuracion             (abs)        0000
__size_of_divisionEntera            (abs)        0000
__size_of_leerDatos                 (abs)        0000
__size_of_main                      (abs)        0000
__size_of_mostrarResultado          (abs)        0000
__size_of_parpadearLEDResultado     (abs)        0000
_configuracion                      text5        02D1
_datoTemporal                       bssBANK0     0037
_divisionEntera                     text4        0381
_flagFlanco                         bitbssBANK0  01E8
_leerDatos                          text1        031F
_main                               maintext     02CC
_mostrarResultado                   text2        02F0
_operando1                          bssBANK0     003A
_operando2                          bssBANK0     0039
_parpadearLEDResultado              text3        02D9
_tiempoParpadeo                     dataBANK0    003B
btemp                               (abs)        005E
divisionEntera@denominador          cstackBANK0  002A
divisionEntera@dividendo            cstackBANK0  0026
divisionEntera@dividendo1           cstackBANK0  0020
divisionEntera@divisor1             cstackBANK0  0022
divisionEntera@resultadoParteEntera cstackBANK0  0024
divisionEntera@temp                 cstackBANK0  0028
end_of_initialization               cinit        03FD
intlevel0                           functab      0000
intlevel1                           functab      0000
intlevel2                           functab      0000
intlevel3                           functab      0000
intlevel4                           functab      0000
intlevel5                           functab      0000
leerDatos@espera                    cstackBANK0  0033
mostrarResultado@resultado          cstackBANK0  0030
reset_vec                           reset_vec    0000
stackhi                             (abs)        0000
stacklo                             (abs)        0000
start                               init         0000
start_initialization                cinit        03F4
wtemp0                              (abs)        005E


FUNCTION INFORMATION:

 *************** function _main *****************
 Defined at:
		line 109 in file "main.c"
 Parameters:    Size  Location     Type
		None
 Auto vars:     Size  Location     Type
		None
 Return value:  Size  Location     Type
                  2   59[None  ] int 
 Registers used:
		wreg, status,2, status,0, btemp+1, pclath, cstack
 Tracked objects:
		On entry : 
		On exit  : 
		Unchanged: 
 Data sizes:     COMMON   BANK0
      Params:         0       0
      Locals:         0       0
      Temps:          0       0
      Totals:         0       0
Total ram usage:        0 bytes
 Hardware stack levels required when called:    3
 This function calls:
		_configuracion
		_leerDatos
 This function is called by:
		Startup code after reset
 This function uses a non-reentrant model


 *************** function _leerDatos *****************
 Defined at:
		line 81 in file "main.c"
 Parameters:    Size  Location     Type
		None
 Auto vars:     Size  Location     Type
  espera          4   19[BANK0 ] long 
 Return value:  Size  Location     Type
                  1    wreg      void 
 Registers used:
		wreg, status,2, status,0, btemp+1, pclath, cstack
 Tracked objects:
		On entry : 
		On exit  : 
		Unchanged: 
 Data sizes:     COMMON   BANK0
      Params:         0       0
      Locals:         0       4
      Temps:          0       1
      Totals:         0       5
Total ram usage:        5 bytes
 Hardware stack levels used:    1
 Hardware stack levels required when called:    2
 This function calls:
		_mostrarResultado
 This function is called by:
		_main
 This function uses a non-reentrant model


 *************** function _mostrarResultado *****************
 Defined at:
		line 71 in file "main.c"
 Parameters:    Size  Location     Type
		None
 Auto vars:     Size  Location     Type
  resultado       2   16[BANK0 ] int 
 Return value:  Size  Location     Type
                  1    wreg      void 
 Registers used:
		wreg, status,2, status,0, btemp+1, pclath, cstack
 Tracked objects:
		On entry : 
		On exit  : 
		Unchanged: 
 Data sizes:     COMMON   BANK0
      Params:         0       0
      Locals:         0       2
      Temps:          0       4
      Totals:         0       6
Total ram usage:        6 bytes
 Hardware stack levels used:    1
 Hardware stack levels required when called:    1
 This function calls:
		_divisionEntera
		_parpadearLEDResultado
 This function is called by:
		_leerDatos
 This function uses a non-reentrant model


 *************** function _parpadearLEDResultado *****************
 Defined at:
		line 64 in file "main.c"
 Parameters:    Size  Location     Type
		None
 Auto vars:     Size  Location     Type
		None
 Return value:  Size  Location     Type
                  1    wreg      void 
 Registers used:
		wreg
 Tracked objects:
		On entry : 
		On exit  : 
		Unchanged: 
 Data sizes:     COMMON   BANK0
      Params:         0       0
      Locals:         0       0
      Temps:          0       4
      Totals:         0       4
Total ram usage:        4 bytes
 Hardware stack levels used:    1
 This function calls:
		Nothing
 This function is called by:
		_mostrarResultado
 This function uses a non-reentrant model


 *************** function _divisionEntera *****************
 Defined at:
		line 33 in file "main.c"
 Parameters:    Size  Location     Type
  dividendo1      2    0[BANK0 ] unsigned int 
  divisor1        2    2[BANK0 ] unsigned int 
 Auto vars:     Size  Location     Type
  denominador     2   10[BANK0 ] unsigned int 
  temp            2    8[BANK0 ] unsigned int 
  dividendo       2    6[BANK0 ] unsigned int 
  resultadoPar    2    4[BANK0 ] unsigned int 
 Return value:  Size  Location     Type
                  2    0[BANK0 ] unsigned int 
 Registers used:
		wreg, status,2, status,0
 Tracked objects:
		On entry : 
		On exit  : 
		Unchanged: 
 Data sizes:     COMMON   BANK0
      Params:         0       4
      Locals:         0       8
      Temps:          0       0
      Totals:         0      12
Total ram usage:       12 bytes
 Hardware stack levels used:    1
 This function calls:
		Nothing
 This function is called by:
		_mostrarResultado
 This function uses a non-reentrant model


 *************** function _configuracion *****************
 Defined at:
		line 18 in file "main.c"
 Parameters:    Size  Location     Type
		None
 Auto vars:     Size  Location     Type
		None
 Return value:  Size  Location     Type
                  1    wreg      void 
 Registers used:
		wreg, status,2, status,0
 Tracked objects:
		On entry : 
		On exit  : 
		Unchanged: 
 Data sizes:     COMMON   BANK0
      Params:         0       0
      Locals:         0       0
      Temps:          0       0
      Totals:         0       0
Total ram usage:        0 bytes
 Hardware stack levels used:    1
 This function calls:
		Nothing
 This function is called by:
		_main
 This function uses a non-reentrant model



MODULE INFORMATION

Module		Function		Class		Link	Load	Size
shared
		__initialization		CODE           	03F4	0000	10

shared estimated size: 10

main.c
		_divisionEntera		CODE           	0381	0000	116
		_mostrarResultado		CODE           	02F0	0000	48
		_configuracion 		CODE           	02D1	0000	9
		_parpadearLEDResultado		CODE           	02D9	0000	24
		_main          		CODE           	02CC	0000	6
		_leerDatos     		CODE           	031F	0000	99

main.c estimated size: 302

